// Jest Snapshot v1, https://goo.gl/fbAQLP

exports[`SignIn component should render Signin component 1`] = `ShallowWrapper {}`;
